[    0.000000 Initializing croup susy cpuset
[    0.000000] Initializing cgrou subsys cpu
[    .00000] nitiaizin cgroup subsys cpuacct
[    0.000000] Liux version 4.4.0-127-geneic (buidd@lcy01-amd64-023) (gcc version 5.4.0 2016609 (Ubuntu 5.4.0-6ubuntu1~16.04.9)  #153-Ubuntu SMP at May 19 10:58:46 UTC 218 (buntu 4.4.0-127.153-generic 4.4.128)
[    0.00000 Command lin: BOT_IMGE=/boot/vmliuz-44.0-127-generi root=UID=a7eda442-e46f-485f-988d-8ec62812f3 ro onsol=tty1 console=tyS0
[    0.000000] KERNEL suppored cpus:
[   0.00000   Intel Genuinentel
[   0.00000]   AMD AuthenticAMD
[    0.00000]   Centaur CentaurHauls
[    0.00000 x86/fpu: xstae_offset[2]: 576,xstae_sizes[2:  26
[   0.00000] x86/fpu: Supporting XSAE feature x01: 'x7 flatin pointregisters'
[    000000] x86/fpu: Supporting XSAVE feature 0x02: 'SSE registers'
[    0.000000] x86/fpu: Supporting XSAVE feature 004: 'AVX registers'
[    0.000000] x86/fpu: Enabled xstate features 0x7, context size is 832 bytes, using 'standad' format.
[    0.000000] x8/fpu: Using 'lazy' FPU context swtches.
[    0.00000] e820: BOSprovided physica RAMmap:
[    0.00000] BIS-e820: [em 0x0000000000000000-0x000000000009fbff]usable
[   0.000000] BIOS-e820: [mem 0x00000000009fc0-0x00000000009ffff]reserved
    0.000000] BIOS-e820: mem0x00000000000000-x00000000000ffff] esered
[    000000] BIOS-e820: mem 0x0000000010000-0x000000003fefff] usale
[    0.000000] BIO-e820: mem 0x000000003fff0000-0x00000003ffffff] ACPI ata
   0.000000] BIOS-e820: [mem 0x000000000fe00000-0x00000000fec00fff] reseved
[    0.000000] BIOS-e820: [mem 0x00000000ee0000-0x000000fee00fff] reserved
[    0.00000] BIOS-e820 [mem 0x00000000fffc0000-0x00000000ffffffff] reserved
[   0.00000] N (Execue Disable protetion active
[    0.000000] SMBIOS 2.5 presen.
[   0.000000] Hypevisor detectd: KM
[    0.000000] e820: last_pfn = 0x3fff0 max_arch_pfn = 0x400000000
[    0.000000] MTRR: Disabled
    .00000] x6/PAT:MTRRsdisabled, skipping AT initialization too.
[    0.000000] CPU MTRRs al blank - virtulized system.
[    0.000000] x86/PAT:Confguration [0-7] WB WT  UC- UC  B  W  UC UC  
[   0.00000] found SMP MP-table at [mem 0x0009ff0-0009ffff] mapped at [ffff88000009fff0]
[    0.00000] canningg1 areas for low memory corruption
[    0.000000] RMDISK: [mem 0x31f4000-0x370ffff]
[    000000] ACPI: Early tabl checksum verification disabled
[    0.00000] API: RSP 0x00000000000E0000 000024 (v02 BOX  )
[    0.000000] CPI: XSDT 0x000000003FFF0030 00003C v01 VBOX   VBOXXSDT 00000001 ASL  00000061)
[    0.000000] API: FACP 0x000000003FFF00F0 0000F4 (v04 VBOX   VBOXFACP 00000001 ASL  00000061)
[    0.000000] ACPI: DSDT 0x000000003FFF0470 0021FF (v02 VBOX   VBOXBIOS 00000002 INTL 2000528)
[    000000] ACPI: FACS 0x000000003FFF0200 000040
[    0000000]ACPI: FACS 0x000000003FFF0200 000040
[    0.00000] ACPI:APIC 0x00000003FFF0240 00005C (v02 VBOX   VBOXAPIC 00000001 ASL  000001)
[    000000] ACPI: SSDT 0x000000003FF02A0 001CC (v01 VBOX   VBOXCPUT00000002 INTL 20100528)
[   0.00000] No NUM configuration found
[    0.000000] Faking a node at [mem 0x0000000000000000-0x000000003ffeffff]
[    0.000000] NODE_DATA(0) allocated [mem 0x3ffe000-0x3ffeffff]
[    0.000000] kvm-clock: Using msrs 4b564d01 and 4b564d00
[    0.000000] kvm-clock: cpu 0, msr 0:3ffe3001, primary cpu clock
    0.000000] kvm-clock: using sched offset of 4954814744 cycles
[    0.000000] cocksoure: kvm-clock: ask: 0fffffffffffffff max_cycles: 0x1cd42e4dffb, max_idle_ns: 81590591483 ns
[   0.00000] Zone ranges:
[    0.000000]   DMA     [mem 0x0000000000001000-0x0000000000ffffff]
[    0.000000]  MA32    [mem 0x0000000001000000-0x000000003ffeffff]
[    0.000000]   ormal   empty
[    0.000000]   Device   empty
[    0.000000] Movable zone start for each nod
[    0.000000] Early memory node range
[    0.0000]   node   0: [mem 0x0000000000001000-0x000000000009efff]
[    0.000000]   node   0: [mem 0x0000000000100000-0x000000003ffeffff]
[    0.000000] Initmem setup node 0 [mem 0x0000000000001000-0x000000003ffeffff]
[    0.000000] ACPI: PM-Time IO Port: 0x008
[   0.000000] IOAPIC[0]: apic_id 2 versin 32 addres 0xfec00000, GSI 0-23
[    0.000000] ACPI: INT_SRC_VR (bus 0 bus_irq 0 global_irq 2 dfl dfl)
[   0.000000] ACPI: NT_SRC_OVR (bus 0 bus_irq 9 global_ir 9 low level)
[    0.000000] Using ACPI (MADT) for SMP cofigurtion information
[    0.000000] smpboot: Allowing 2 CPUs, 0 hotplug CPs
[    0.000000] PM: Registered osave memory: [mem 0x00000000-0x00000fff]
[    0.000000] PM: Registered nosae memory: [mem 0x009f000-0x0009ffff]
[    0.000000] PM: Registered nosave memory: [mem 0x000a0000-0x000effff]
[    0.000000] PM: Registered nosave memory: [mem 0x00f0000-0x000fffff]
[    0.000000] e820: [mem 0x40000000-0xfebfffff] available for PCI devices
[    0.000000] Booting paravirtualizd kernel on KVM
[    0.000000] clocksource: refined-jiffies: mask: 0xffffffff max_cycles: 0xffffffff, max_idle_ns: 745519600211568 ns
[    0.000000] setup_percpu: NR_CPUS:512 nrcpumask_bits:12 nr_cpu_ids:2 nr_node_ids:1
[    0.000000] PERCPU: Embedded 34 pages/cpu @ffff88003fc00000 s99544 r8192 d31528 u1048576
[    0.000000] PV qspinlock hash table entries: 256 (order: 0, 4096 bytes)
    0.00000] Bilt 1 zonelists in Node order, mobility groupingon.  Total ages:257912
[   0.00000 Polcy zone DMA2
[   0.000000 Kernel comman line: BOOT_IMAGE=/boot/vmlinuz-4.4.0-127-eneric root=UID=a7da44-e46f-485f-988d-83ec628120f3 ro consoe=ty1 onsole=ttyS0
[   .00000] PID hash tabl entrie: 4096 (rder: 3, 32768 bytes)
[    0.000000] Mmory 997168K/1048120Kavaiable (837K kenel ode, 1313K rwdata, 4000K odata, 1512K int, 116K bss, 5095K resered, 0K cma-reserved
[   0.00000] SL: HWalin=64, Order=0-3, MinObjects=0 CPUs=2, Nodes1
[    .00000] KrnelUser page tables isolation: enabled
[    0.00000] Hiearchial RCU implementation.
[    0.000000 	Buld-time adjustment of lef fanout o 64.
[    0.000000] 	RCU restricting CPUs rom NR_CUS=52 tonr_cu_ids=2.
[    0.00000] RCU: Adjusting geometry for rcu_fanout_leaf=64, nr_cpu_ids=2
[    0.000000] NR_IRQS:33024 nr_irqs:440 16
[    0.000000] Console: colour VGA+ 80x25
[    0.000000] console [tty1] enabled
[    0.000000] cnsole [ttyS0]enabed
[    0.000000] tsc: Detected 2592.004 MHz processor
[   15.267691] Calibrating delay loop (skipped) preset value.. 5184.00 BogoMIPS (lpj=10368016)
[   15.336923] pid_max: default: 32768 minimum: 301
[   15.401369] ACPI: Core revision 20150930
[   15.444241] ACPI: 2 ACPI AML tables successfully acquired and loaded
[   15.455121] Security Framework initialized
[   15.489271] Yama: becoming mindful.
[   15.499138] AppArmor: AppArmor initialized
[   15.544008] Dentry cache hash table entries: 131072 (order: 8, 1048576 bytes)
[   15.647221] Inode-cache hash table entries: 65536 (order: 7, 524288 bytes)
[   15.717751] Mount-cache hash table entries: 2048 (order: 2, 16384 bytes)
[   15.790714] Mountpoint-cache hash table entries: 2048 (order: 2, 16384 bytes)
[   15.808916] Initializing cgroup subsys io
[   15.840717] Initializing cgroup subsys memory
[   15.916999] Initializing cgroup subsys devices
[   15.972165] Initializing cgroup subsys freezer
[   16.027562] Initializing cgroup subsys net_cls
[   16.084535] Initializing cgroup subsys perf_event
[   16.143159] Initializing cgroup subsys net_prio
[   16.177213] Initializing cgroup subsys hugetlb
[   16.180720] Initializing cgroup subsys pids
[   16.204419] CPU: Physical Processor ID: 0
[   16.208334] CPU: Processor Core ID: 0
[   16.213104] mce: CPU supports 0 MCE banks
[   16.222145] Last level iTLB entries: 4KB 64, 2MB 8, 4MB 8
[   16.240610] Last level dTLB entries: 4KB 64, 2MB 0, 4MB 0, 1GB 4
[   16.245160] Spectre V2 : Mitigation: Full generic retpoline
[   16.252332] Spectre V2 : Speculation control IBPB not-supported IBRS not-supported
[   16.263125] Spectre V2 : Filling RSB on context switch
[   16.278491] Speculative Store Bypass: Vulnerable
[   16.289015] Freeing SMP alternatives memory: 32K
[   16.323193] ftrace: allocating 32237 entries in 126 pages
[   16.485953] smpboot: APIC(0) Converting physical 0 to logical package 0
[   16.534449] smpboot: Max logical packages: 1
[   16.573564] x2apic enabled
[   16.602360] Switched APIC routing to physical x2apic.
[   16.610115] ..TIMER: vector=0x30 apic1=0 pin1=2 apic2=-1 pin2=-1
[   16.758968] smpboot: CPU0: Intel(R) Core(TM) i7-6500U CPU @ 2.50GHz (family: 0x6, model: 0x4e, stepping: 0x3)
[   16.915779] Performance Events: unsupported p6 CPU model 78 no PMU driver, software events only.
[   16.987546] KVM setup paravirtual spinlock
[   17.045156] x86: Booting SMP configuration:
[   17.063955] .... node  #0, CPUs:      #1
[   17.127328] kvm-clock: cpu 1, msr 0:3ffe3041, secondary cpu clock
[   17.131824] mce: CPU supports 0 MCE banks
[   17.183281] x86: Booted up 1 node, 2 CPUs
[   17.225505] smpboot: Total of 2 processors activated (10368.01 BogoMIPS)
[   17.270969] devtmpfs: initialized
[   17.296292] evm: security.selinux
[   17.300810] evm: security.SMACK64
[   17.323883] evm: security.SMACK64EXEC
[   17.330527] evm: security.SMACK64TRANSMUTE
[   17.339368] evm: security.SMACK64MMAP
[   17.341676] evm: security.ima
[   17.352997] evm: security.capability
[   17.355272] clocksource: jiffies: mask: 0xffffffff max_cycles: 0xffffffff, max_idle_ns: 7645041785100000 ns
[   17.376757] futex hash table entries: 512 (order: 3, 32768 bytes)
[   17.396524] pinctrl core: initialized pinctrl subsystem
[   17.408136] RTC time:  1:03:21, date: 05/29/18
[   17.412550] NET: Registered protocol family 16
[   17.439114] cpuidle: using governor ladder
[   17.458698] cpuidle: using governor menu
[   17.473502] PCCT header not found.
[   17.490468] ACPI: bus type PCI registered
[   17.513885] acpiphp: ACPI Hot Plug PCI Controller Driver version: 0.5
[   17.527366] PCI: Using configuration type 1 for base access
[   17.569619] ACPI: Added _OSI(Module Device)
[   17.616607] ACPI: Added _OSI(Processor Device)
[   17.642264] ACPI: Added _OSI(3.0 _SCP Extensions)
[   17.684576] ACPI: Added _OSI(Processor Aggregator Device)
[   17.716078] ACPI: Executed 1 blocks of module-level executable AML code
[   17.744332] ACPI: Interpreter enabled
[   17.773985] ACPI: (supports S0 S5)
[   17.819617] ACPI: Using IOAPIC for interrupt routing
[   17.854249] PCI: Using host bridge windows from ACPI; if necessary, use "pci==ocrs" and report a bug
[   17.926045] ACPI: PCI Root Bridge [PCI0] (domain 0000 [bus 00-ff])
[   17.955025] acpi PNP0A03:00: _OSC: OS supports [ASPM ClockPM Segments MSI]
[   18.019332] acpi PNP0A03:00: _OSC: not requesting OS control; OS requires [ExtendedConfig ASPM ClockPM MSI]
[   18.072076] acpi PNP0A03:00: fail to add MMCONFIG information, can't access extended PCI configuration space under this bridge.
[   18.120650] PCI host bridge to bus 0000:00
[   18.163987] pci_bus 0000:00: root bus resource [io  0x0000-0x0cf7 window]
[   18.208893] pci_bus 0000:00: root bus resource [io  0x0d00-0xffff window]
[   18.267226] pci_bus 0000:00: root bus resource [mem 0x000a0000-0x000bffff window]
[   18.302939] pci_bus 0000:00: root bus resource [mem 0x40000000-0xfdffffff window]
[   18.342341] pci_bus 0000:00: root bus resource [bus 00-ff]
[   18.375767] pci 0000:00:01.1: legacy IDE quirk: reg 0x10: [io  0x01f0-0x01f7]
[   18.437642] pci 0000:00:01.1: legacy IDE quirk: reg 0x14: [io  0x03f6]
[   18.478726] pci 0000:00:01.1: legacy IDE quirk: reg 0x18: [io  0x0170-0x0177]
[   18.504437] pci 0000:00:01.1: legacy IDE quirk: reg 0x1c: [io  0x0376]
[   18.567858] pci 0000:00:07.0: quirk: [io  0x4000-0x403f] claimed by PIIX4 ACPI
[   18.607574] pci 0000:00:07.0: quirk: [io  0x4100-0x410f] claimed by PIIX4 SMB
[   18.640390] ACPI: PCI Interrupt Link [LNKA] (IRQs 5 9 10 *11)
[   18.663117] ACPI: PCI Interrupt Link [LNKB] (IRQs 5 9 *10 11)
[   18.672875] ACPI: PCI Interrupt Link [LNKC] (IRQs 5 *9 10 11)
[   18.685283] ACPI: PCI Interrupt Link [LNKD] (IRQs 5 9 10 *11)
[   18.705004] ACPI: Enabled 2 GPEs in block 00 to 07
[   18.763816] vgaarb: setting as boot device: PCI:0000:00:02.0
[   18.817685] vgaarb: device added: PCI:0000:00:02.0,decodes=io+mem,owns=io+mem,locks=none
[   18.857278] vgaarb: loaded
[   18.862963] vgaarb: bridge control possible 0000:00:02.0
[   18.868199] SCSI subsystem initialized
[   18.881244] ACPI: bus type USB registered
[   18.898029] usbcore: registered new interface driver usbfs
[   18.919208] usbcore: registered new interface driver hub
[   18.939047] usbcore: registered new device driver usb
[   18.976108] PCI: Using ACPI for IRQ routing
[   19.022909] NetLabel: Initializing
[   19.033724] NetLabel:  domain hash size = 128
[   19.038836] NetLabel:  protocols = UNLABELED CIPSOv4
[   19.054325] NetLabel:  unlabeled traffic allowed by default
[   19.089129] amd_nb: Cannot enumerate AMD northbridges
[   19.106905] clocksource: Switched to clocksource kvm-clock
[   19.171757] AppArmor: AppArmr ilesystem Enabled
[ 19.2545] p:PnACI init[ 19726039] pnp: PnP ACPI: foud 3 devices
[   19.965412] clocksource: acpi_pm: mask: 0xffffff max_cycles: 0xffffff, max_idle_ns: 2085701024 ns
[   20.009231] NET: Registered protocol family 2
[   20.053997] TCP established hash table entries: 8192 (order: 4, 65536 bytes)
[   20.074149] TCP bind hash table entries: 8192 (order: 5, 131072 bytes)
[   20.088561] TCP: Hash tables configured (established 8192 bind 8192)
[   20.122887] UDP hash table entries: 512 (order: 2, 16384 bytes)
[   20.158480] UDP-Lite hash table entries: 512 (order: 2, 16384 bytes)
[   20.178101] NET: Registered protocol family 1
[   20.187846] pci 0000:00:00.0: Limiting direct PCI/PCI transfers
[   20.206164] pci 0000:00:01.0: Activating ISA DMA hang workarounds
[   20.238684] Unpacking initramfs...
[   20.841156] Freeing initrd memory: 15352K
[   20.851477] platform rtc_cmos: registered platform RTC device (no PNP device found)
[   20.872241] Scanning for low memory corruption every 60 seconds
[   20.886071] audit: initializing netlink subsys (disabled)
[   20.929479] audit: type=2000 audit(1527555793.619:1): initialized
[   20.960682] Initialise system trusted keyring
[   21.004463] HugeTLB registered 2 MB page size, pre-allocated 0 pages
[   21.059756] zbud: loaded
[   21.072584] VFS: Disk quotas dquot_6.6.0
[   21.088616] VFS: Dquot-cache hash table entries: 512 (order 0, 4096 bytes)
[   21.122061] squashfs: version 4.0 (2009/01/31) Phillip Lougher
[   21.178007] fuse init (API version 7.23)
[   21.198012] Key type big_key registered
[   21.239714] Allocating IMA MOK and blacklist keyrings.
[   21.266365] Key type asymmetric registered
[   21.308808] Asymmetric key parser 'x509' registered
[   21.352246] Block layer SCSI generic (bsg) driver version 0.4 loaded (major 249)
[   21.405424] io scheduler noop registered
[   21.434261] io scheduler deadline registered (default)
[   21.456776] io scheduler cfq registered
[   21.472029] pci_hotplug: PCI Hot Plug PCI Core version: 0.5
[   21.504921] pciehp: PCI Express Hot Plug Controller Driver version: 0.4
[   21.522673] ACPI: AC Adapter [AC] (off-line)
[   21.527924] input: Power Button as /devices/LNXSYSTM:00/LNXPWRBN:00/input/input0
[   21.547939] ACPI: Power Button [PWRF]
[   21.578092] input: Sleep Button as /devices/LNXSYSTM:00/LNXSLPBN:00/input/input1
[   21.608286] ACPI: Sleep Button [SLPF]
[   21.639389] GHES: HEST is not enabled!
[   21.640521] ACPI: Battery Slot [BAT0] (battery present)
[   21.671301] Serial: 8250/16550 driver, 32 ports, IRQ sharing enabled
[   21.725828] 00:02: ttyS0 at I/O 0x3f8 (irq = 4, base_baud = 115200) is a 16550A
[   21.776821] Linux agpgart interface v0.103
[   21.811647] loop: module loaded
[   21.844495] scsi host0: ata_piix
[   21.886632] tsc: Refined TSC clocksource calibration: 2591.783 MHz
[   21.913485] clocksource: tsc: mask: 0xffffffffffffffff max_cycles: 0x255be9fe14e, max_idle_ns: 440795288976 ns
[   21.913663] scsi host1: ata_piix
[   21.913716] ata1: PATA max UDMA/33 cmd 0x1f0 ctl 0x3f6 bmdma 0xd000 irq 14
[   21.913718] ata2: PATA max UDMA/33 cmd 0x170 ctl 0x376 bmdma 0xd008 irq 15
[   21.913840] libphy: Fixed MDIO Bus: probed
[   21.913845] tun: Universal TUN/TAP device driver, 1.6
[   21.913846] tun: (C) 1999-2004 Max Krasnyansky <maxk@qualcomm.com>
[   21.941107] PPP generic driver version 2.4.2
[   21.941223] ehci_hcd: USB 2.0 'Enhanced' Host Controller (EHCI) Driver
[   21.941230] ehci-pci: EHCI PCI platform driver
[   21.941247] ehci-platform: EHCI generic platform driver
[   21.941262] ohci_hcd: USB 1.1 'Open' Host Controller (OHCI) Driver
[   21.941267] ohci-pci: OHCI PCI platform driver
[   21.941304] ohci-platform: OHCI generic platform driver
[   21.941324] uhci_hcd: USB Universal Host Controller Interface driver
[   21.941404] i8042: PNP: PS/2 Controller [PNP0303:PS2K,PNP0f03:PS2M] at 0x60,0x64 irq 1,12
[   21.942068] serio: i8042 KBD port at 0x60,0x64 irq 1
[   21.942074] serio: i8042 AUX port at 0x60,0x64 irq 12
[   21.942227] mousedev: PS/2 mouse device common for all mice
[   21.942791] input: AT Translated Set 2 keyboard as /devices/platform/i8042/serio0/input/input2
[   21.943295] rtc_cmos rtc_cmos: rtc core: registered rtc_cmos as rtc0
[   21.943385] rtc_cmos rtc_cmos: alarms up to one day, 114 bytes nvram
[   21.943394] i2c /dev entries driver
[   21.943463] device-mapper: uevent: version 1.0.3
[   21.943541] device-mapper: ioctl: 4.34.0-ioctl (2015-10-28) initialised: dm-devel@redhat.com
[   21.943563] ledtrig-cpu: registered to indicate activity on CPUs
[   21.943968] NET: Registered protocol family 10
[   21.944159] NET: Registered protocol family 17
[   21.944170] Key type dns_resolver registered
[   21.944538] registered taskstats version 1
[   21.944560] Loading compiled-in X.509 certificates
[   21.945379] Loaded X.509 cert 'Build time autogenerated kernel key: 9f6f572a3ee0cb468eb8db4aa61815bc74ef6adb'
[   21.945402] zswap: loaded using pool lzo/zbud
[   21.948549] Key type trusted registered
[   21.957871] Key type encrypted registered
[   21.957919] AppArmor: AppArmor sha1 policy hashing enabled
[   21.957924] ima: No TPM chip found, activating TPM-bypass!
[   21.957965] evm: HMAC attrs: 0x1
[   21.958338]   Magic number: 2:788:54
[   21.963957] rtc_cmos rtc_cmos: setting system clock to 2018-05-29 01:03:25 UTC (1527555805)
[   21.964108] BIOS EDD facility v0.16 2004-Jun-25, 0 devices found
[   21.964108] EDD information not available.
[   22.714657] Freeing unused kernel memory: 1512K
[   23.038826] Write protecting the kernel read-only data: 14336k
[   23.692688] Freeing unused kernel memory: 1692K
[   23.731457] Freeing unused kernel memory: 96K
Loading, please wait...
starting version[   23.789557] random: systemd-udevd: uninitialized urandom read (16 bytes read, 7 bits of entropy available)
 229
[   23.790302] random: udevadm: uninitialized urandom read (16 bytes read, 7 bits of entropy available)
[   23.790345] random: udevadm: uninitialized urandom read (16 bytes read, 7 bits of entropy available)
[   23.825831] random: udevadm: uninitialized urandom read (16 bytes read, 7 bits of entropy available)
[   23.825911] random: udevadm: uninitialized urandom read (16 bytes read, 7 bits of entropy available)
[   23.826244] random: udevadm: uninitialized urandom read (16 bytes read, 7 bits of entropy available)
[   23.826329] random: udevadm: uninitialized urandom read (16 bytes read, 7 bits of entropy available)
[   23.826410] random: udevadm: uninitialized urandom read (16 bytes read, 7 bits of entropy available)
[   23.826491] random: udevadm: uninitialized urandom read (16 bytes read, 7 bits of entropy available)
[   23.826580] random: udevadm: uninitialized urandom read (16 bytes read, 7 bits of entropy available)
[   24.358630] e1000: Intel(R) PRO/1000 Network Driver - version 7.3.21-k8-NAPI
[   24.365200] e1000: Copyright (c) 1999-2006 Intel Corporation.
[   24.375966] Fusion MPT base driver 3.04.20
[   24.380586] Copyright (c) 1999-2008 LSI Corporation
[   24.412285] Fusion MPT SPI Host driver 3.04.20
[   24.537701] AVX2 version of gcm_enc/dec engaged.
[   24.547011] AES CTR mode by8 optimization enabled
[   24.687355] input: ImExPS/2 Generic Explorer Mouse as /devices/platform/i8042/serio1/input/input4
[   25.028654] e1000 0000:00:03.0 eth0: (PCI:33MHz:32-bit) 02:66:2d:c5:e5:fb
[   25.057302] e1000 0000:00:03.0 eth0: Intel(R) PRO/1000 Network Connection
[   25.124903] mptbase: ioc0: Initiating bringup
[   25.125916] e1000 0000:00:03.0 enp0s3: renamed from eth0
[   25.272255] ioc0: LSI53C1030 A0: Capabilities={Initiator}
[   25.476681] scsi host2: ioc0: LSI53C1030 A0, FwRev=00000000h, Ports=1, MaxQ=256, IRQ=20
[   25.641783] scsi 2:0:0:0: Direct-Access     VBOX     HARDDISK         1.0  PQ: 0 ANSI: 5
[   26.161837] scsi target2:0:0: Beginning Domain Validation
[   26.194985] scsi target2:0:0: Domain Validation skipping write tests
[   26.625685] scsi target2:0:0: Ending Domain Validation
[   26.632623] scsi target2:0:0: asynchronous
[   26.642036] scsi 2:0:1:0: Direct-Access     VBOX     HARDDISK         1.0  PQ: 0 ANSI: 5
[   26.662676] scsi target2:0:1: Beginning Domain Validation
[   26.671524] scsi target2:0:1: Domain Validation skipping write tests
[   27.059315] scsi target2:0:1: Ending Domain Validation
[   27.112694] scsi target2:0:1: asynchronous
[   27.652220] sd 2:0:0:0: Attached scsi generic sg0 type 0
[   27.680657] sd 2:0:0:0: [sda] 20971520 512-byte logical blocks: (10.7 GB/10.0 GiB)
[   27.681114] sd 2:0:1:0: [sdb] 20480 512-byte logical blocks: (10.5 MB/10.0 MiB)
[   27.681329] sd 2:0:1:0: [sdb] Write Protect is off
[   27.681489] sd 2:0:1:0: [sdb] Incomplete mode parameter data
[   27.681491] sd 2:0:1:0: [sdb] Assuming drive cache: write through
[   27.681864] sd 2:0:1:0: Attached scsi generic sg1 type 0
[   27.695673] sd 2:0:1:0: [sdb] Attached SCSI disk
[   27.781294] sd 2:0:0:0: [sda] Write Protect is off
[   27.805620] sd 2:0:0:0: [sda] Incomplete mode parameter data
[   27.812748] sd 2:0:0:0: [sda] Assuming drive cache: write through
[   27.826047]  sda: sda1
[   27.854528] sd 2:0:0:0: [sda] Attached SCSI disk
Begin: Loading essential drivers[   29.965631] md: linear personality registered for level -1
 ... [   30.029846] md: multipath personality registered for level -4
[   30.077581] md: raid0 personality registered for level 0
[   30.103400] md: raid1 personality registered for level 1
[   30.187012] raid6: sse2x1   gen()  5324 MB/s
[   30.267482] raid6: sse2x1   xor()  3443 MB/s
[   30.339287] raid6: sse2x2   gen()  5893 MB/s
[   30.411511] raid6: sse2x2   xor()  4125 MB/s
[   30.506966] raid6: sse2x4   gen()  6143 MB/s
[   30.603096] raid6: sse2x4   xor()  4022 MB/s
[   30.703348] raid6: avx2x1   gen()  8235 MB/s
[   30.827298] raid6: avx2x2   gen() 10191 MB/s
[   30.926928] raid6: avx2x4   gen()  9725 MB/s
[   30.977449] raid6: using algorithm avx2x2 gen() 10191 MB/s
[   31.029209] raid6: using avx2x2 recovery algorithm
[   31.069564] xor: automatically using best checksumming function:
[   31.131363]    avx       : 10223.000 MB/sec
[   31.180737] async_tx: api initialized (async)
[   31.220474] md: raid6 personality registered for level 6
[   31.233316] md: raid5 personality registered for level 5
[   31.245405] md: raid4 personality registered for level 4
[[  31.280596] md: raid10 personality registered for level 10
done.
Begin: Running /scripts/init-premount ... done.[   31.342028] Btrfs loaded

Begin: Mounting root file system ... Begin: Running /scripts/local-top ... done.
Begin: Running /scripts/local-premount ... Scanning for Btrfs filesystems
do[   31.455907] EXT4-fs (sda1): mounted filesystem with ordered data mode. Opts: (null)
ne.
Warning: fsck not present, so skipping root file system
done.
Begin: Running /scripts/local-bottom ... done.
Begin: Running /scripts/init-bottom ... done.
[   31.794063] systemd[1]: systemd 229 running in system mode. (+PAM +AUDIT +SELINUX +IMA +APPARMOR +SMACK +SYSVINIT +UTMP +LIBCRYPTSETUP +GCRYPT +GNUTLS +ACL +XZ -LZ4 +SECCOMP +BLKID +ELFUTILS +KMOD -IDN)
[   31.871422] systemd[1]: Detected virtualization oracle.
[   31.877179] systemd[1]: Detected architecture x86-64.

Welcome to [1mUbuntu 16.04.3 LTS[0m!

[   31.986881] systemd[1]: Set hostname to <ubuntu-xenial>.
[   32.363621] random: nonblocking pool is initialized
[   32.423585] systemd[1]: Listening on LVM2 poll daemon socket.
[[0;32m  OK  [0m] Listening on LVM2 poll daemon socket.
[   32.496015] systemd[1]: Set up automount Arbitrary Executable File Formats File System Automount Point.
[[0;32m  OK  [0m] Set up automount Arbitrary Executab...ats File System Automount Point.
[   32.656642] systemd[1]: Listening on Device-mapper event daemon FIFOs.
[[0;32m  OK  [0m] Listening on Device-mapper event daemon FIFOs.
[   32.736624] systemd[1]: Started Forward Password Requests to Wall Directory Watch.
[[0;32m  OK  [0m] Started Forward Password Requests to Wall Directory Watch.
[   32.828104] systemd[1]: Listening on udev Control Socket.
[[0;32m  OK  [0m] Listening on udev Control Socket.
[   32.877150] systemd[1]: Reached target Swap.
[[0;32m  OK  [0m] Reached target Swap.
[   32.903989] systemd[1]: Started Trigger resolvconf update for networkd DNS.
[[0;32m  OK  [0m] Started Trigger resolvconf update for networkd DNS.
[   33.025134] systemd[1]: Created slice System Slice.
[[0;32m  OK  [0m] Created slice System Slice.
[   33.094847] systemd[1]: Reached target Encrypted Volumes.
[[0;32m  OK  [0m] Reached target Encrypted Volumes.
[   33.175775] systemd[1]: Reached target User and Group Name Lookups.
[[0;32m  OK  [0m] Reached target User and Group Name Lookups.
[   33.253265] systemd[1]: Listening on Journal Audit Socket.
[[0;32m  OK  [0m] Listening on Journal Audit Socket.
[   33.322220] systemd[1]: Created slice User and Session Slice.
[[0;32m  OK  [0m] Created slice User and Session Slice.
[   33.387795] systemd[1]: Listening on LVM2 metadata daemon socket.
[[0;32m  OK  [0m] Listening on LVM2 metadata daemon socket.
[   33.472035] systemd[1]: Listening on Journal Socket (/dev/log).
[[0;32m  OK  [0m] Listening on Journal Socket (/dev/log).
[   33.515497] systemd[1]: Reached target Slices.
[[0;32m  OK  [0m] Reached target Slices.
[   33.545890] systemd[1]: Listening on Syslog Socket.
[[0;32m  OK  [0m] Listening on Syslog Socket.
[   33.591473] systemd[1]: Listening on udev Kernel Socket.
[[0;32m  OK  [0m] Listening on udev Kernel Socket.
[   33.652771] systemd[1]: Listening on /dev/initctl Compatibility Named Pipe.
[[0;32m  OK  [0m] Listening on /dev/initctl Compatibility Named Pipe.
[   33.720240] systemd[1]: Created slice system-serial\x2dgetty.slice.
[[0;32m  OK  [0m] Created slice system-serial\x2dgetty.slice.
[   33.809721] systemd[1]: Listening on Journal Socket.
[[0;32m  OK  [0m] Listening on Journal Socket.
[   33.879334] systemd[1]: Mounting POSIX Message Queue File System...
         Mounting POSIX Message Queue File System...
[   33.979954] systemd[1]: Starting Monitoring of LVM2 mirrors, snapshots etc. using dmeventd or progress polling...
         Starting Monitoring of LVM2 mirrors... dmeventd or progress polling...
[   34.124744] systemd[1]: Starting Uncomplicated firewall...
         Starting Uncomplicated firewall...
[   34.231948] systemd[1]: Mounting Debug File System...
         Mounting Debug File System...
[   34.315948] systemd[1]: Starting Nameserver information manager...
         Starting Nameserver information manager...
[   34.460396] systemd[1]: Starting Journal Service...
         Starting Journal Service...
[   34.557005] systemd[1]: Starting Create list of required static device nodes for the current kernel...
         Starting Create list of required st... nodes for the current kernel...
[   34.640113] systemd[1]: Starting Load Kernel Modules...
         Startin[   34.675347] Loading iSCSI transport class v2.0-870.
g Load Kernel Modules...
[   34.715260] iscsi: registered transport (tcp)
[   36.055324] systemd[1]: Starting Set console keymap...
         Starting Set console keymap...
[   36.122859] systemd[1]: Starting Remount Root and Kernel File Systems...
[   36.132397] EXT4-fs (sda1): re-mounted. Opts: (null)
         Starting Remount Root and Kernel File Systems...
[   36.192643] iscsi: registered transport (iser)
[   36.227375] systemd[1]: Mounting Huge Pages File System...
         Mounting Huge Pages File System...
[   36.338935] systemd[1]: Mounted POSIX Message Queue File System.
[[0;32m  OK  [0m] Mounted POSIX Message Queue File System.
[   36.428296] systemd[1]: Mounted Debug File System.
[[0;32m  OK  [0m] Mounted Debug File System.
[   36.520868] systemd[1]: Mounted Huge Pages File System.
[[0;32m  OK  [0m] Mounted Huge Pages File System.
[   36.617249] systemd[1]: Started Journal Service.
[[0;32m  OK  [0m] Started Journal Service.
[[0;32m  OK  [0m] Started Uncomplicated firewall.
[[0;32m  OK  [0m] Started Create list of required sta...ce nodes for the current kernel.
[[0;32m  OK  [0m] Started Load Kernel Modules.
[[0;32m  OK  [0m] Started Set console keymap.
[[0;32m  OK  [0m] Started Remount Root and Kernel File Systems.
[[0;32m  OK  [0m] Started Nameserver information manager.
[[0;32m  OK  [0m] Started LVM2 metadata daemon.
         Starting Load/Save Random Seed...
         Starting Initial cloud-init job (pre-networking)...
         Starting udev Coldplug all Devices...
         Mounting FUSE Control File System...
         Starting Apply Kernel Variables...
         Starting Create Static Device Nodes in /dev...
         Starting Flush Journal to Persistent Storage...
[[0;32m  OK  [0m] Mounted FUSE Control File System.
[[0;32m  OK  [0m] Started Monitoring of LVM2 mirrors,...ng dmeventd or progress polling.
[[0;32m  OK  [0m] Started Load/Save Random Seed.
[[0;32m  OK  [0m] Started Apply Kernel Variables.
[[0;32m  OK  [0m] Started Create Static Device Nodes in /dev.
[[0;32m  OK  [0m] Started udev Coldplug all Devices.
[[0;32m  OK  [0m] Started Flush Journal to Persistent Storage.
         Starting udev Kernel Device Manager...
[[0;32m  OK  [0m] Started udev Kernel Device Manager.
[[0;32m  OK  [0m] Reached target Local File Systems (Pre).
[[0;32m  OK  [0m] Reached target Local File Systems.
         Starting LSB: AppArmor initialization...
         Starting Set console font and keymap...
         Starting Create Volatile Files and Directories...
         Starting Tell Plymouth To Write Out Runtime Data...
[[0;32m  OK  [0m] Started Dispatch Password Requests to Console Directory Watch.
[[0;32m  OK  [0m] Started Create Volatile Files and Directories.
[[0;32m  OK  [0m] Started Tell Plymouth To Write Out Runtime Data.
         Starting Update UTMP about System Boot/Shutdown...
[[0;32m  OK  [0m] Reached target System Time Synchronized.
[[0;32m  OK  [0m] Started Update UTMP about System Boot/Shutdown.
[[0;32m  OK  [0m] Started LSB: AppArmor initialization.
[[0;32m  OK  [0m] Found device /dev/ttyS0.
[[0;32m  OK  [0m]  istening on Load/Save RF Kill Switch Status /dev/rfkill Watch.
[[0;32m  OK  [0m] Found device 82540EM Gigabit Ethern...r (PRO/1000 MT Desktop Adapter).
[   22.619426] cloud-init[447]: Cloud-init v. 17.1 running 'init-local' at Tue, 29 May 2018 01:03:43 +0000. Up 21.59 seconds.
[[0;32m  OK  [0m] Started Set console font and keymap.
[[0;32m  OK  [0m] Started Initial cloud-init job (pre-networking).
[[0;32m  OK  [0m] Reached target Network (Pre).
         Starting Raise network interfaces...
[[0;32m  OK  [0m] Started ifup for enp0s3.
[[0;32m  OK  [0m] Created slice system-getty.slice.
[[0;32m  OK  [0m] Started Raise network interfaces.
[[0;32m  OK  [0m] Reached target Network.
         Starting Initial cloud-init job (metadata service crawler)...
[   25.533248] cloud-init[949]: Cloud-init v. 17.1 running 'init' at Tue, 29 May 2018 01:03:46 +0000. Up 24.61 seconds.
[   25.585945] cloud-init[949]: ci-info: +++++++++++++++++++++++++++++++++++++Net device info++++++++++++++++++++++++++++++++++++++
[   25.626902] cloud-init[949]: ci-info: +--------+------+----------------------------+---------------+-------+-------------------+
[   25.666590] cloud-init[949]: ci-info: | Device |  Up  |          Address           |      Mask     | Scope |     Hw-Address    |
[   25.728277] cloud-init[949]: ci-info: +--------+------+----------------------------+---------------+-------+-------------------+
[[0;32m  OK  [0m] Started Initial cloud-init job (metadata service crawler).
[   25.793729] [cloud-init[0;32m  OK  [0m[949]: ] ci-info: | enp0s3 | True |         10.0.2.15          | 255.255.255.0 |   .   | 02:66:2d:c5:e5:fb |Reached target Cloud-config availability.

[[0;32m  OK  [0m] Reached target Network is Online.
[   25.820692] cloud-init[949]: ci-info: | enp0s3 | True | fe80::66:2dff:fec5:e5fb/64 |       .       |  link | 02:66:2d:c5:e5:fb |
[   26.455671]          cloud-initStarting iSCSI initiator daemon (iscsid)...[949]: 
ci-info: |   lo   | True |         127.0.0.1          |   255.0.0.0   |   .   |         .         |
[   26.458223] [cloud-init[0;32m  OK  [0m[949]: ] ci-info: |   lo   | True |          ::1/128           |       .       |  host |         .         |Reached target System Initialization.

[   26.505737] cloud-init[949]: ci-info: +--------+------+----------------------------+---------------+-------+-------------------+
[   26.732536] [cloud-init[0;32m  OK  [0m[949]: ] ci-info: +++++++++++++++++++++++++++Route IPv4 info++++++++++++++++++++++++++++Started ACPI Events Check.

[   26.733411] [cloud-init[0;32m  OK  [0m[949]: ] ci-info: +-------+-------------+----------+---------------+-----------+-------+Reached target Paths.

[   26.911726] [cloud-init[0;32m  OK  [0m[949]: ] ci-info: | Route | Destination | Gateway  |    Genmask    | Interface | Flags |Started Timer to automatically refresh installed snaps.

         Starting Socket activation for snappy daemon.
[[0;32m  OK  [0m] Started Daily apt download activities.
[[0;32m  OK  [0m] Started Daily apt upgrade and clean activities.
[[0;32m  OK  [0m] Listening on UUID daemon activation socket.
[   26.912842] cloud-init[949]: ci-info: +-------+-------------+----------+---------------+-----------+-------+
[   27.299311]          cloud-initStarting LXD - unix socket.[949]: 
ci-info: |   0   |   0.0.0.0   | 10.0.2.2 |    0.0.0.0    |   enp0s3  |   UG  |
[   27.380494] cloud-init[949]: ci-info: |   1   |   10.0.2.0  | 0.0.0.0  | 255.255.255.0 |   enp0s3  |   U   |
[   27.434287] cloud-init[949]: ci-info: +-------+-------------+----------+---------------+-----------+-------+
[[0;32m  OK  [0m] Listening on D-Bus System Message Bus Socket.
[[0;32m  OK  [0m] Listening on ACPID Listen Socket.
[[0;32m  OK  [0m] Started Daily Cleanup of Temporary Directories.
[[0;32m  OK  [0m] Reached target Timers.
[[0;32m  OK  [0m] Listening on Socket activation for snappy daemon.
[[0;32m  OK  [0m] Listening on LXD - unix socket.
[[0;32m  OK  [0m] Started iSCSI  nitiator daemon (iscsid).
         Starting Login to default iSCSI targets...
[[0;32m  OK  [0m] Reached target Sockets.
[[0;32m  OK  [0m] Reached target Basic System.
[[0;32m  OK  [0m] Started Deferred execution scheduler.
         Starting LSB: Record successful boot for GRUB...
[[0;32m  OK  [0m] Started Unattended Upgrades Shutdown.
         Starting LXD - container startup/shutdown...
         Starting Login Service...
[[0;32m  OK  [0m] Started ACPI event daemon.
[[0;32m  OK  [0m] Started Regular background program processing daemon.
         Starting System Logging Service...
         Starting Apply the settings specified in cloud-config...
         Starting Accounts Service...
         Starting LSB: MD monitoring daemon...
         Starting Snappy daemon...
         Starting OpenBSD Secure Shell server...
[[0;32m  OK  [0m] Started D-Bus System Message Bus.
[[0;32m  OK  [0m] Started FUSE filesystem for LXC.
         Starting /etc/rc.local Compatibility...
[[0;32m  OK  [0m] Started System Logging Service.
[[0;32m  OK  [0m] Started OpenBSD Secure Shell server.
[[0;32m  OK  [0m] Started Snappy daemon.
[[0;32m  OK  [0m] Started LXD - container startup/shutdown.
[[0;32m  OK  [0m] Started /etc/rc.local Compatibility.
[[0;32m  OK  [0m] Started LSB: Record successful boot for GRUB.
[[0;32m  OK  [0m] Started Login to default iSCSI targets.
[[0;32m  OK  [0m] Started LSB: MD monitoring daemon.
[[0;32m  OK  [0m]  tarted Login Service.
         Starting Authenticate and Authorize Users to Run Privileged Tasks...
[[0;32m  OK  [0m] Reached target Remote File Systems (Pre).
[[0;32m  OK  [0m] Reached target Remote File Systems.
         Starting LSB: Set the CPU Frequency Scaling governor to "ondemand"...
         Starting LSB: daemon to balance interrupts for SMP systems...
         Starting LSB: VirtualBox Linux Additions...
         Starting LSB: automatic crash report generation...
         Starting Permit User Sessions...
[[0;32m  OK  [0m] Started Permit User Sessions.
[[0;32m  OK  [0m] Started Authenticate and Authorize Users to Run Privileged Tasks.
[[0;32m  OK  [0m] Started Accounts Service.
[[0;32m  OK  [0m] Started LSB: Set the CPU Frequency Scaling governor to "ondemand".
[[0;32m  OK  [0m] Started LSB: daemon to balance interrupts for SMP systems.
         Starting Terminate Plymouth Boot Screen...
         Starting Hold until boot process finishes up...
[[0;32m  OK  [0m] Started LSB: automatic crash report generation.
[[0;32m  OK  [0m] Started LSB: VirtualBox Linux Additions.
[[0;32m  OK  [0m] Started Terminate Plymouth Boot Screen.
[[0;32m  OK  [0m] Started Hold until boot process finishes up.
[[0;32m  OK  [0m] Created slice User Slice of vagrant.
[[0;32m  OK  [0m] Started Session 1 of user vagrant.
[[  30.379215] cloud-init[1031]: Cloud-init v. 17.1 running 'modules:config' at Tue, 29 May 2018 01:03:51 +0000. Up 29.84 seconds.
         Starting User Manager for UID 1000...
[[0;32m  OK  [0m] Started Getty on tty1.
         Starting Set console scheme...
[[0;32m  OK  [0m] Started Serial Getty on ttyS0.
[[0;32m  OK  [0m] Reached target Login Prompts.
[[0;32m  OK  [0m] Reached target Multi-User System.
[[0;32m  OK  [0m] Reached target Graphical Interface.
         Starting Update UTMP about System Runlevel Changes...
[[0;32m  OK  [0m] Started User Manager for UID 1000.
[[0;32m  OK  [0m] Started Apply the settings specified in cloud-config.
[[0;32m  OK  [0m] Started Set console scheme.
[[0;32m  OK  [0m] Started Update UTMP about System Runlevel Changes.
         Starting Execute cloud user/final scripts...
[   32.682211] cloud-init[1200]: Cloud-init v. 17.1 running 'modules:final' at Tue, 29 May 2018 01:03:54 +0000. Up 32.15 seconds.
[   32.721466] cloud-init[1200]: Cloud-init v. 17.1 finished at Tue, 29 May 2018 01:03:54 +0000. Datasource DataSourceNoCloud [seed=/dev/sdb][dsmode=net].  Up 32.66 seconds
[[0;32m  OK  [0m] Started Execute cloud user/final scripts.
[[0;32m  OK  [0m] Reached target Cloud-init target.

Ubuntu 16.04.3 LTS ubuntu-xenial ttyS0

ubuntu-xenial login:          Stopping Authenticate and Authorize Users to Run Privileged Tasks...
         Stopping Session 9 of user vagrant.
[[0;32m  OK  [0m]         Stopping FUSE filesystem for LXC...
         Stopping LSB: Set the CPU Frequency Scaling governor to "ondemand"...
         Stopping LSB: MD monitoring daemon...
         Stopping OpenBSD Secure Shell server...
         Stopping Regular background program processing daemon...
         Stopping LXD - container startup/shutdown...
         Stopping LSB: automatic crash report generation...
         Stopping Getty on tty1...
         Stopping System Logging Service...
         Stopping LSB: Record successful boot for GRUB...
         Stopping LSB: daemon to balance interrupts for SMP systems...
         Stopping D-Bus System Message Bus...
[[0;32m  OK  [0m] Stopped Apply the settings specified in cloud-config.
[[0;32m  OK  [0m] Stopped target Cloud-config availability.
[[0;32m  OK  [0m] Stopped target System Time Synchronized.
[[0;32m  OK  [0m] Unmounted /var/lib/lxcfs.
[[0;32m  OK  [0m] Stopped Deferred execution scheduler.
[[0;32m  OK  [0m] Stopped ACPI event daemon.
[[0;32m  OK  [0m] Stopped Regular background program processing daemon.
[[0;32m  OK  [0m] Stopped System Logging Service.
[[0;32m  OK  [0m] Stopped Accounts Service.
[[0;32m  OK  [0m] Stopped Snappy daemon.
[[0;32m  OK  [0m] Stopped OpenBSD Secure Shell server.
[[0;32m  OK  [0m] Stopped Authenticate and Authorize Users to Run Privileged Tasks.
[[0;32m  OK  [0m] Stopped Getty on tty1.
[[0;32m  OK  [0m] Stopped Serial Getty on ttyS0.
[[0;32m  OK  [0m] Stopped User Manager for UID 1000.
[[0;32m  OK  [0m] Stopped Session 9 of user vagrant.
[[0;32m  OK  [0m] Stopped Unattended Upgrades Shutdown.
[[0;32m  OK  [0m] Stopped D-Bus System Message Bus.
[[0;32m  OK  [0m] Stopped FUSE filesystem for LXC.
[[0;32m  OK  [0m] Stopped LSB: VirtualBox Linux Additions.
[[0;32m  OK  [0m] Stopped LSB: Set the CPU Frequency Scaling governor to "ondemand".
[[0;32m  OK  [0m] Stopped LSB: MD monitoring daemon.
[[0;32m  OK  [0m] Stopped LXD - container startup/shutdown.
[[0;32m  OK  [0m] Stopped LSB: Record successful boot for GRUB.
[[0;32m  OK  [0m] Stopped LSB: automatic crash report generation.
[[0;32m  OK  [0m] Stopped LSB: daemon to balance interrupts for SMP systems.
[[0;32m  OK  [0m] Removed slice User Slice of vagrant.
         Stopping Login Service...
[[0;32m  OK  [0m] Removed slice system-serial\x2dgetty.slice.
[[0;32m  OK  [0m] Stopped /etc/rc.local Compatibility.
         Stopping Permit User Sessions...
[[0;32m  OK  [0m] Removed slice system-getty.slice.
[[0;32m  OK  [0m] Stopped Login Service.
[[0;32m  OK  [0m] Stopped Permit User Sessions.
[[0;32m  OK  [0m] Stopped target Remote File Systems.
[[0;32m  OK  [0m] Stopped target Remote File Systems (Pre).
         Stopping Login to default iSCSI targets...
[[0;32m  OK  [0m] Stopped target User and Group Name Lookups.
[[0;32m  OK  [0m] Stopped target Basic System.
[[0;32m  OK  [0m] Stopped target Sockets.
[[0;32m  OK  [0m] Closed Socket activation for snappy daemon.
[[0;32m  OK  [0m] Closed UUID daemon activation socket.
[[0;32m  OK  [0m] Closed ACPID Listen Socket.
[[0;32m  OK  [0m] Closed LXD - unix socket.
[[0;32m  OK  [0m] Closed D-Bus System Message Bus Socket.
[[0;32m  OK  [0m] Closed Syslog Socket.
[[0;32m  OK  [0m] Stopped target Slices.
[[0;32m  OK  [0m] Stopped target Paths.
[[0;32m  OK  [0m] Stopped Forward Password Requests to Wall Directory Watch.
[[0;32m  OK  [0m] Stopped ACPI Events Check.
[[0;32m  OK  [0m] Stopped Dispatch Password Requests to Console Directory Watch.
[[0;32m  OK  [0m] Removed slice User and Session Slice.
[[0;32m  OK  [0m] Stopped target System Initialization.
[[0;32m  OK  [0m] Stopped Create Volatile Files and Directories.
[[0;32m  OK  [0m] Stopped target Swap.
[[0;32m  OK  [0m] Stopped target Encrypted Volumes.
         Stopping Load/Save Random Seed...
[[0;32m  OK  [0m] Stopped Load/Save Random Seed.
[[0;32m  OK  [0m] Stopped Login to default iSCSI targets.
         Stopping iSCSI initiator daemon (iscsid)...
[[0;32m  OK  [0m] Stopped iSCSI initiator daemon (iscsid).
[[0;32m  OK  [0m] Stopped target Network is Online.
[[0;32m  OK  [0m] Stopped Initial cloud-init job (metadata service crawler).
[[0;32m  OK  [0m] Stopped target Network.
         Stopping Raise network interfaces...
[[0;32m  OK  [0m] Stopped Raise network interfaces.
[[0;32m  OK  [0m] Stopped target Network (Pre).
[[0;32m  OK  [0m] Stopped Initial cloud-init job (pre-networking).
[[0;32m  OK  [0m] Stopped target Local File Systems.
         Unmounting /home/vagrant/TeamFolder...
         Unmounting /home/vagrant/Pharo...
         Unmounting /home/vagrant/Homework6...
         Unmounting /home/vagrant/Homework7...
         Unmounting /run/user/1000...
         Unmounting /vagrant...
[[0;32m  OK  [0m] Stopped Apply Kernel Variables.
[[0;32m  OK  [0m] Stopped Load Kernel Modules.
[[0;32m  OK  [0m] Unmounted /home/vagrant/TeamFolder.
[[0;32m  OK  [0m] Unmounted /home/vagrant/Pharo.
[[0;32m  OK  [0m] Unmounted /home/vagrant/Homework6.
[[0;32m  OK  [0m] Unmounted /home/vagrant/Homework7.
[[0;32m  OK  [0m] Unmounted /run/user/1000.
[[0;32m  OK  [0m] Unmounted /vagrant.
[[0;32m  OK  [0m] Reached target Unmount All Filesystems.
[[0;32m  OK  [0m] Stopped target Local File Systems (Pre).
[[0;32m  OK  [0m] Stopped Remount Root and Kernel File Systems.
         Stopping Monitoring of LVM2 mirrors... dmeventd or progress polling...
[[0;32m  OK  [0m] Stopped Create Static Device Nodes in /dev.
[[0;32m  OK  [0m] Reached target Shutdown.
[ 9506.684025] reboot: Power down
