[  0.000000] Initializing cgou subsy cust
[   000000 Iitializing cgroup subsys cpu
[    0.000000] Initializin cgroup subsys cpuacct
[    0.000000] Linux version 4.4.0-127-generic (buildd@lcy01-amd64-023) (gcc version 5.4.0 20160609 (Ubuntu 5.4.0-6ubuntu1~16.04.9) ) #153-Ubuntu SMPP Sat My 19 1:58:46UT 218 (Ubuntu 4.4.0-127.153-generic 4.4.128)
[    0.000000] Command line: BOOT_IMAGE=/boot/vmlinuz-4.4.0-127-geeric root=UUID=a7eda442-e46f-485f-988d-83ec628120f3 ro console=tty1 console=ttyS0
[    0.000000] KERNEL supported cpus:
[    0.000000]   Intel GenuineIntel
[    .000000]   AMD AuthenticAMD
[    0.000000]   Centaur CentaurHauls
[    0.000000] x86/fpu: xstate_offset[2]:  576, xstate_sizes[2]:  256
[    0.000000] x86/fpu: Supporting XSAVE feature 0x01: 'x87 floating point registers'
[    0.000000] x86/fpu: Supporting XSAVE feature 0x02: 'SSE registers'
[    0.000000] x86/fpu: Supporting XSAVE feature 0x04: 'AVX registers'
    0.000000] x86/fpu: Enabled xstate features 0x7, context size is 32byte, sing'sandad'ormat
   0.00000] x86/fp: sing 'lazy FPU cotext witches
[   0.00000] e80:BIOSprvide pysical RAM map:
[    0.000000] BIOS-e820: [mem 0x0000000000000000-0x000000000009fbff] usable
[    0.000000] BIOS-e820: [mem 0x000000000009fc00-0x000000000009ffff] reserved
[    0.000000] BIOS-e820: [mem 0x00000000000f0000-0x00000000000fffff] reserved
[    0.000000] BIOS-e820: [mem 0x0000000000100000-0x000000003ffeffff] usable
[    0.000000] BS-e820 [em 00000003fff0000-0x000000003fffffff] ACPI data
[    0.000000] BIOS-e820: [mem 0x00000000fec00000-0x00000000fec0ff] reserved
[   .00000] BOSe820: [mem x00000000fee00000-0x00000000fee00fff] reserved
[    0.000000] BIOS-e820: [mem 0x00000000fffc0000-0x00000000ffffffff] reserved
[    0.000000] NX (Execute Disable) protection: active
[    0.000000] SMBIOS 2.5 present.
[    0.000000] Hypervisor detected: KVM
[    0.000000] e820: last_pfn = 0x3fff0 max_arch_pfn = 0x4000000
[    000000] MRR Dsabled[   0.0000] x86/PAT: MTRRs disabled, skipping PAT initialization too.
[    0.000000] CPU MTRRs all blank - virtualized system.
[    0.000000] x86/PAT: Configuration [0-7]: WB  WT  U- C WB  WT U- C  
[    0.000000] found SMP MP-table at [me 00009fff0-0x00ffff]mape at [fff8000009fff0]
[    0.000000] Scanning  aeas orlow memory corruption
[    0.000000] RAMDISK: [mem 0x361f00-0x3f1fff]
   0.00000 ACP: Early table checksum verification disabled
[    0.000000] ACPI: RSDP 0x00000000000E0000 000024 (v02 VBOX  )
[    0.000000] ACPI: XSDT 0x000000003FFF0030 00003C (v01 VBOX   VBOXXSDT 00000001 ASL  00000061)
[   0.000000] ACPI: FACP 0x000000003FFF00F0 0000F4 (v04 VBOX   VBOXFACP 00000001 ASL  00000061)
[    0.000000] ACPI: DSDT 0x000000003FFF0470 001FF (v02VBOX   VBOXBIS 0000002 INTL 20100528)
[    0.000000] ACPI: FACS 0x000000003FFF0200 000040
[    0.000000] ACPI: FACS 0x000000003FFF0200 000040
[    0.000000] ACPI: APIC 0x000000003FFF0240 00005C (v02 VBOX   VBOXAPIC 00000001 ASL  00000061)
[    0.000000] ACPI: SSDT 0x000000003FFF02A0 0001CC (v01 VBOX   VBOXCPUT 00000002 INTL 20100528)
[    0.000000] No NUMA configuration found
[    0.000000] Faking a node at [mem 0x0000000000000000-0x000000003ffeffff]
[    0.000000] NODE_DATA(0) allocated [mem 0x3ffeb000-0x3ffeffff]
[    0.000000] kvm-clock: Using msrs 4b564d01 and 4b564d00
[    0.000000] kvm-clock: cpu 0, msr 0:3ffe3001, primary cpu clock
[    0.000000] kvm-clock: using sched offset of 3566784249 cycles
[    0.000000] clocksource: kvm-clock: mask: 0xffffffffffffffff max_cycles:0xcd424dfb max_idle_ns: 881590591483 s[   0.00000] on ranes
    00000]   MA     [em0x0000000001000-0x0000000000ffffff]
[   .00000]   DMA32  mem 0x0000000001000000-0x000000003ffeffff]
[    0.000000]   Normal   empty
[    0.000000]   Device   empty
[    0.000000] Movable zone start for each node
[    0.000000] Early memory node ranges
[    0.000000]   node   0: [mem 0x0000000000001000-0x000000000009efff]
[    0.000000]   node   0: [mem 0x0000000000100000-0x000000003ffeffff][    0.000000] Initmem setup node 0 [mem 0x0000000000001000-0x0000003fefff
[    00000] ACPI: PM-Timer IO Port:0x008[   0.000000 IAPIC[0]: apic_id 2, version 32, address 0xfec00000, GSI 0-23
[    0.000000] ACPI: INT_SRC_OVR (bus 0 bus_irq 0 global_irq 2 df dfl)[    0.000000] ACPI: INT_SRC_OVR (bus 0 bus_irq 9 global_irq 9 low level)
[    0.000000] Using ACPI (MADT) for SMP configuration information
[    0.000000] smpboot: Allowing 2 CPUs, 0 hotplug CPUs
[    0.000000] PM: Registered nosave memory: [mem 0x00000000-0x00000fff]
[    0.000000] PM: Registered nosave memory: [mem 0x0009f000-0x0009ffff]
[    0.000000] PM: Registered nosave memory: [mem 0x000a0000-0x000effff]
[    0.000000] PM: Registered nosave memory: [mem 0x000f0000-0x000fffff]
[    0.000000] e820: [mem 0x40000000-0xfebfffff] available for PCI devices
[    0.000000] Booting paravirtualized kernel on KVM
[    0.000000] clocksource: refied-jiffies: mask: 0xffffffff ax_cyces: 0xfffff, max_idle_ns: 76455190011568 ns
[    0.000000] setup_percpu: NR_CPUS:512 nr_cpumask_bits:512 nr_cpu_ids:2 nr_node_ids:1
[    0.000000] PERCPU: Embedded 34 pages/cpu@fff88003c0000 s954 r8192 d31528 u1048576
[    0.000000] PV qspinlock hash table enrie: 256 (order: 0, 4096 bytes)
[   000000] Bilt 1 zonelists in Node order, moility grouping on.  Total pages: 257912
[    0.000000] Polcy zone: DMA32
[    0.000000] Kerel command line: BOOT_IMAGE=/boot/vmlinuz-4.4.0-127-generic root=UUID=a7eda442-e46f-485f-988d-83ec628120f3 ro console=tty1 console=ttyS0
[    0.000000] PID hash table entries: 4096 (order: 3, 32768 bytes)
[    0.000000] Memory: 97168K/14820K avilbl (8537K kernel code, 1313K rwdata, 4000K rodata, 1512K init, 1316K bss, 50952K reserved, 0K cma-reserved)
[    0.000000] SLUB: HWalign=64, Order=0-3, MinObjects=0, CPUs=2, Nodes=1
[    0.000000] Kernel/User page tables isolation: enabled
[    0.000000] Hierarchical RCU impleementation.
[  0.000000] 	Build-time adjustment of leaf fanout to 64.
[    0.000000] 	RCU restricting CPUs from NR_CPUS=512 to nr_cpu_ids=2.
[    0.000000] RCU: Adjusting geometry for rcu_fanout_leaf=64, nr_cpu_ids=2
[    0.000000] NR_IRQS:33024 nr_irqs:440 16
[    0.000000] Console: colour VGA+ 80x25
[    0.000000] console [tty1] enabled
[    0.000000] console [ttyS0] enabled
[    0.000000] tsc: Detected 2591.996 MHz processor
[    4.581599] Calibrating delay loop (skipped) preset value.. 5183.99 BogoMIPS (lpj=10367984)
[    4.584595] pid_max: default: 32768 minimum: 301
[    4.586288] ACPI: Core revision 20150930
[   4.589976] ACPI: 2 ACPI AML tables successfully acquired and loaded
[    4.608560] Security Framework initialized
[   4.610015] Yama: becoming  mindful.
[    4.633223] AppArmor: AppArmor initialized
[    4.634796] Dentry cache hash table entries: 131072 (order: 8, 1048576 bytes)
[    4.645514] Inode-cache hash table entries: 65536 (order: 7, 524288 bytes)
[    4.658854] Mount-cache hash table entries: 2048 (order: 2, 16384 bytes)
[    4.660881] Mountpoint-cache hash table entries: 2048 (order: 2, 16384 bytes)
[    4.663118] Initializing cgroup subsys io
[    4.664494] Initializing cgroup subsys memory
[    4.665987] Initializing cgroup subsys devices
[    4.676018] Initializing cgroup subsys freezer
[    4.678921] Initializing cgroup subsys net_cls
[    4.680453] Initializing cgroup subsys perf_event
[    4.681846] Initializing cgroup subsys net_prio
[    4.683426] Initializing cgroup subsys hugetlb
[    4.684991] Initializing cgroup subsys pids
[    4.686517] CPU: Physical Processor ID: 0
[    4.687937] CPU: Processor Core ID: 0
[    4.696945] mce: CPU supports 0 MCE banks
[    4.698412] Last level iTLB entries: 4KB 64, 2MB 8, 4MB 8
[    4.700249] Last level dTLB entries: 4KB 64, 2MB 0, 4MB 0, 1GB 4
[    4.702270] Spectre V2 : Mitigation: Full generic retpoline
[    4.704122] Spectre V2 : Speculation control IBPB not-supported IBRS not-supported
[    4.721248] Spectre V2 : Filling RSB on context switch
[    4.750136] Speculative Store Bypass: Vulnerable
[    4.754106] Freeing SMP alternatives memory: 32K
[    4.765180] ftrace: allocating 32237 entries in 126 pages
[    4.843125] smpboot: APIC(0) Converting physical 0 to logical package 0
[    4.933980] smpboot: Max logical packages: 1
[    4.939021] x2apic enabled
[    4.970118] Switched APIC routing to physical x2apic.
[    4.976517] ..TIMER: vector=0x30 apic1=0 pin1=2 apic2=-1 pin2=-1
[    5.088380] smpboot: CPU0: Intel(R) Core(TM) i7-6500U CPU @ 2.50GHz (family: 0x6, model: 0x4e, stepping: 0x3)
[    5.112177] Performance Events: unsupported p6 CPU model 78 no PMU driver, software events only.
[    5.115401] KVM setup paravirtual spinlock
[    5.117614] x86: Booting SMP configuration:
[    5.153749] .... node  #0, CPUs:      #1
[    5.157822] kvm-clock: cpu 1, msr 0:3ffe3041, secondary cpu clock
[    5.160302] mce: CPU supports 0 MCE banks
[    5.163313] x86: Booted up 1 node, 2 CPUs
[    5.171083] smpboot: Total of 2 processors activated (10367.98 BogoMIPS)
[    5.173840] devtmpfs: initialized
[    5.185924] evm: security.selinux
[    5.210338] evm: security.SMACK64
[    5.211598] evm: security.SMACK64EXEC
[    5.212970] evm: security.SMACK64TRANSMUTE
[    5.214429] evm: security.SMACK64MMAP
[    5.215786] evm: security.ima
[    5.216977] evm: security.capability
[    5.218633] clocksource: jiffies: mask: 0xffffffff max_cycles: 0xffffffff, max_idle_ns: 7645041785100000 ns
[    5.246519] futex hash table entries: 512 (order: 3, 32768 bytes)
[    5.272110] pinctrl core: initialized pinctrl subsystem
[    5.282909] RTC time: 21:04:07, date: 06/02/18
[    5.292955] NET: Registered protocol family 16
[    5.305995] cpuidle: using governor ladder
[    5.330378] cpuidle: using governor menu
[    5.335802] PCCT header not found.
[    5.351785] ACPI: bus type PCI registered
[    5.362468] acpiphp: ACPI Hot Plug PCI Controller Driver version: 0.5
[    5.366266] PCI: Using configuration type 1 for base access
[    5.383224] ACPI: Added _OSI(Module Device)
[    5.402762] ACPI: Added _OSI(Processor Device)
[    5.404340] ACPI: Added _OSI(3.0 _SCP Extensions)
[    5.418877] ACPI: Added _OSI(Processor Aggregator Device)
[    5.421569] ACPI: Executed 1 blocks of module-level executable AML code
[    5.473692] ACPI: Interpreter enabled
[    5.476154] ACPI: (supports S0 S5)
[    5.477461] ACPI: Using IOAPIC for interrupt routing
[    5.479363] PCI: Using host bridge windows from ACPI; if necessary, use "pci=nocrs" and report a bug
[    5.487432] ACPI: PCI Root Bridge [PCI0] (domain 0000 [bus 00-ff])
[    5.498265] acpi PNP0A03:00: _OSC: OS supports [ASPM ClockPM Segments MSI]
[    5.500549] acpi PNP0A03:00: _OSC: not requesting OS control; OS requires [ExtendedConfig ASPM ClockPM MSI]
[    5.503871] acpi PNP0A03:00: fail to add MMCONFIG information, can't access extended PCI configuration space under this bridge.
[    5.508026] PCI host bridge to bus 0000:00
[    5.509526] pci_bus 0000:00: root bus resource [io  0x0000-0x0cf7 window]
[    5.524113] pci_bus 0000:00: root bus resource [io  0x0d00-0xffff window]
[    5.526344] pci_bus 0000:00: root bus resource [mem 0x000a0000-0x000bffff window]
[    5.529037] pci_bus 0000:00: root bus resource [mem 0x40000000-0xfdffffff window]
[    5.531790] pci_bus 0000:00: root bus resource [bus 00-ff]
[    5.536257] pci 0000:00:01.1: legacy IDE quirk: reg 0x10: [io  0x01f0-0x01f7]
[    5.558268] pci 0000:00:01.1: legacy IDE quirk: reg 0x14: [io  0x03f6]
[    5.581566] pci 0000:00:01.1: legacy IDE quirk: reg 0x18: [io  0x0170-0x0177]
[    5.591386] pci 0000:00:01.1: legacy IDE quirk: reg 0x1c: [io  0x0376]
[    5.650556] pci 0000:00:07.0: quirk: [io  0x4000-0x403f] claimed by PIIX4 ACPI
[    5.724755] pci 0000:00:07.0: quirk: [io  0x4100-0x410f] claimed by PIIX4 SMB
[    5.768477] ACPI: PCI Interrupt Link [LNKA] (IRQs 5 9 10 *11)
[    5.838673] ACPI: PCI Interrupt Link [LNKB] (IRQs 5 9 *10 11)
[    5.884439] ACPI: PCI Interrupt Link [LNKC] (IRQs 5 *9 10 11)
[    5.895027] ACPI: PCI Interrupt Link [LNKD] (IRQs 5 9 10 *11)
[    5.897561] ACPI: Enabled 2 GPEs in block 00 to 07
[    5.899579] vgaarb: setting as boot device: PCI:0000:00:02.0
[    5.978036] vgaarb: device added: PCI:0000:00:02.0,decodes=io+mem,owns=io+mem,locks=none
[    6.009783] vgaarb: loaded
[    6.010876] vgaarb: bridge control possible 0000:00:02.0
[    6.012982] SCSI subsystem initialized
[    6.014489] ACPI: bus type USB registered
[    6.049397] usbcore: registered new interface driver usbfs
[    6.051262] usbcore: registered new interface driver hub
[    6.053119] usbcore: registered new device driver usb
[    6.063354] PCI: Using ACPI for IRQ routing
[    6.126641] NetLabel: Initializing
[    6.136617] NetLabel:  domain hash size = 128
[    6.138059] NetLabel:  protocols = UNLABELED CIPSOv4
[    6.146128] NetLabel:  unlabeled traffic allowed by default
[    6.148132] amd_nb: Cannot enumerate AMD northbridges
[    6.196991] clocksource: Switched to clocksource kvm-clock
[   6.738]AppArmor: AppArmor Filesystem Enabled
[    6.411296] pnp: PnP ACPI init
[    6.1349pn: nPACPI: found 3 devices

[  6628824] losoce api_pm: mask: 0xffffff max_cycles: 0xffffff, max_idle_ns: 2085701024 ns
[    6.953707] NET: Registered protocol family 2

[    .95460] TCP established hash table entries: 8192 (order: 4, 65536 bytes)

[    7.020276] TCP bind hash tblenie 892orer5,131072yts)
[    7.519055] TCP: Hash tabls onigre (established 8192 bind 8192)
[    7.653381] UDP hash table entries: 512 (order: 2, 16384 bytes)
[   .655384]DPithah abe ntie 52 orer 2 184byes
    8.363168] NET: Registered protocol family 1
[    8.391578] pci 0000:00:00.0: Limiting direct PCI/PCI transfers
[    8.393664] pci 0000:00:01.0: Activating ISA DMA hang workarounds
[   8.395885] Unpacking initramfs...
[    8.807672] Freeing initrd memory: 15352K
[    8.825632] platform rtc_cmos: registered platform RTC device (no PNP device found)
[    8.828306] Scanning for low memory corruption every 60 seconds
[    8.830689] audit: initializing netlink subsys (disabled)
[    8.832545] audit: type=2000 audit(1527973450.462:1): initialized
[    8.834884] Initialise system trusted keyring
[    8.836585] HugeTLB registered 2 MB page size, pre-allocated 0 pages
[    8.840300] zbud: loaded
[    8.841908] VFS: Disk quotas dquot_6.6.0
[    8.845261] VFS: Dquot-cache hash table entries: 512 (order 0, 4096 bytes)
[    8.849190] squashfs: version 4.0 (2009/01/31) Phillip Lougher
[    8.851321] fuse init (API version 7.23)
[    8.852929] Key type big_key registered
[    8.854386] Allocating IMA MOK and blacklist keyrings.
[    8.863556] Key type asymmetric registered
[    8.871379] Asymmetric key parser 'x509' registered
[    8.889800] Block layer SCSI generic (bsg) driver version 0.4 loaded (major 249)
[    8.892383] io scheduler noop registered
[    8.893797] io scheduler deadline registered (default)
[    8.895451] io scheduler cfq registered
[    8.896936] pci_hotplug: PCI Hot Plug PCI Core version: 0.5
[    8.898854] pciehp: PCI Express Hot Plug Controller Driver version: 0.4
[    8.902869] ACPI: AC Adapter [AC] (on-line)
[    8.904428] input: Power Button as /devices/LNXSYSTM:00/LNXPWRBN:00/input/input0
[    8.914932] ACPI: Power Button [PWRF]
[    8.940526] input: Sleep Button as /devices/LNXSYSTM:00/LNXSLPBN:00/input/input1
[    8.944313] ACPI: Sleep Button [SLPF]
[    8.946744] ACPI: Battery Slot [BAT0] (battery present)
[    8.951433] GHES: HEST is not enabled!
[    8.952912] Serial: 8250/16550 driver, 32 ports, IRQ sharing enabled
[    8.977803] 00:02: ttyS0 at I/O 0x3f8 (irq = 4, base_baud = 115200) is a 16550A
[    9.005065] Linux agpgart interface v0.103
[    9.025368] loop: module loaded
[    9.035086] scsi host0: ata_piix
[    9.037687] scsi host1: ata_piix
[    9.039007] ata1: PATA max UDMA/33 cmd 0x1f0 ctl 0x3f6 bmdma 0xd000 irq 14
[    9.043295] ata2: PATA max UDMA/33 cmd 0x170 ctl 0x376 bmdma 0xd008 irq 15
[    9.045916] libphy: Fixed MDIO Bus: probed
[    9.057312] tun: Universal TUN/TAP device driver, 1.6
[    9.058535] tun: (C) 1999-2004 Max Krasnyansky <maxk@qualcomm.com>
[    9.061083] PPP generic driver version 2.4.2
[    9.069487] ehci_hcd: USB 2.0 'Enhanced' Host Controller (EHCI) Driver
[    9.090544] ehci-pci: EHCI PCI platform driver
[    9.103004] ehci-platform: EHCI generic platform driver
[    9.104815] ohci_hcd: USB 1.1 'Open' Host Controller (OHCI) Driver
[    9.168446] ohci-pci: OHCI PCI platform driver
[    9.170062] ohci-platform: OHCI generic platform driver
[    9.171858] uhci_hcd: USB Universal Host Controller Interface driver
[    9.182104] i8042: PNP: PS/2 Controller [PNP0303:PS2K,PNP0f03:PS2M] at 0x60,0x64 irq 1,12
[    9.185566] serio: i8042 KBD port at 0x60,0x64 irq 1
[    9.187279] serio: i8042 AUX port at 0x60,0x64 irq 12
[    9.189218] mousedev: PS/2 mouse device common for all mice
[    9.193793] rtc_cmos rtc_cmos: rtc core: registered rtc_cmos as rtc0
[    9.195979] input: AT Translated Set 2 keyboard as /devices/platform/i8042/serio0/input/input2
[    9.199147] rtc_cmos rtc_cmos: alarms up to one day, 114 bytes nvram
[    9.232149] i2c /dev entries driver
[    9.246271] device-mapper: uevent: versio 10.

[    9.334063] device-mapper: ioctl: 4.34.0-ioctl (2015-10-28) initialised: dm-devel@redhat.com
[    9.338824] ledtrig-cpu: registered to indicate activity on CPUs
[    9.341661] NET: Registered protocol family 10
[    9.350614] NET: Registered protocol family 17
[    9.375549] Key type dns_resolver registered
[    9.377331] registered taskstats version 1
[    9.380658] Loading compiled-in X.509 certificates
[    9.404679] Loaded X.509 cert 'Build time autogenerated kernel key: 9f6f572a3ee0cb468eb8db4aa61815bc74ef6adb'
[    9.474852] zswap: loaded using pool lzo/zbud
[    9.499257] Key type trusted registered
[    9.508408] Key type encrypted registered
[    9.515603] AppArmor: AppArmor sha1 policy hashing enabled
[    9.517614] ima: No TPM chip found, activating TPM-bypass!
[    9.519621] evm: HMAC attrs: 0x1
[    9.521392]   Magic number: 6:889:94
[    9.525612] rtc_cmos rtc_cmos: setting system clock to 2018-06-02 21:04:12 UTC (1527973452)
[    9.528698] BIOS EDD facility v0.16 2004-Jun-25, 0 devices found
[    9.532141] EDD information not available.
[    9.534962] Freeing unused kernel memory: 1512K
[    9.538508] Write protecting the kernel read-only data: 14336k
[    9.559016] Freeing unused kernel memory: 1692K
[    9.564043] Freeing unused kernel memory: 96K
Loading, please [    9.584458] random: systemd-udevd: uninitialized urandom read (16 bytes read, 5 bits of entropy available)
wait...
startin[    9.585166] random: udevadm: uninitialized urandom read (16 bytes read, 5 bits of entropy available)
g version 229
[    9.585193] random: udevadm: uninitialized urandom read (16 bytes read, 5 bits of entropy available)
[    9.598700] random: udevadm: uninitialized urandom read (16 bytes read, 5 bits of entropy available)
[    9.598747] random: udevadm: uninitialized urandom read (16 bytes read, 5 bits of entropy available)
[    9.598922] random: udevadm: uninitialized urandom read (16 bytes read, 5 bits of entropy available)
[    9.598988] random: udevadm: uninitialized urandom read (16 bytes read, 5 bits of entropy available)
[    9.599053] random: udevadm: uninitialized urandom read (16 bytes read, 5 bits of entropy available)
[    9.599121] random: udevadm: uninitialized urandom read (16 bytes read, 5 bits of entropy available)
[    9.599183] random: udevadm: uninitialized urandom read (16 bytes read, 5 bits of entropy available)
[    9.705389] e1000: Intel(R) PRO/1000 Network Driver - version 7.3.21-k8-NAPI
[    9.717286] e1000: Copyright (c) 1999-2006 Intel Corporation.
[    9.759313] Fusion MPT base driver 3.04.20
[    9.760790] Copyright (c) 1999-2008 LSI Corporation
[    9.768001] Fusion MPT SPI Host driver 3.04.20
[    9.805503] AVX2 version of gcm_enc/dec engaged.
[    9.829164] tsc: Refined TSC clocksource calibration: 2592.234 MHz
[    9.829167] clocksource: tsc: mask: 0xffffffffffffffff max_cycles: 0x255d93fff20, max_idle_ns: 440795308295 ns
[    9.900928] AES CTR mode by8 optimization enabled
[    9.966826] input: ImExPS/2 Generic Explorer Mouse as /devices/platform/i8042/serio1/input/input4
[   10.167330] e1000 0000:00:03.0 eth0: (PCI:33MHz:32-bit) 02:66:2d:c5:e5:fb
[   10.234586] e1000 0000:00:03.0 eth0: Intel(R) PRO/1000 Network Connection
[   10.243567] mptbase: ioc0: Initiating bringup
[   10.244382] e1000 0000:00:03.0 enp0s3: renamed from eth0
[   10.337315] ioc0: LSI53C1030 A0: Capabilities={Initiator}
[   10.503032] scsi host2: ioc0: LSI53C1030 A0, FwRev=00000000h, Ports=1, MaxQ=256, IRQ=20
[   10.617665] scsi 2:0:0:0: Direct-Access     VBOX     HARDDISK         1.0  PQ: 0 ANSI: 5
[   10.651922] scsi target2:0:0: Beginning Domain Validation
[   10.672493] scsi target2:0:0: Domain Validation skipping write tests
[   10.858164] scsi target2:0:0: Ending Domain Validation
[   10.863754] scsi target2:0:0: asynchronous
[   10.866147] scsi 2:0:1:0: Direct-Access     VBOX     HARDDISK         1.0  PQ: 0 ANSI: 5
[   10.906382] scsi target2:0:1: Beginning Domain Validation
[   10.920633] scsi target2:0:1: Domain Validation skipping write tests
[   10.969383] scsi target2:0:1: Ending Domain Validation
[   11.009384] scsi target2:0:1: asynchronous
[   11.052304] sd 2:0:0:0: [sda] 20971520 512-byte logical blocks: (10.7 GB/10.0 GiB)
[   11.052655] sd 2:0:0:0: Attached scsi generic sg0 type 0
[   11.053446] sd 2:0:1:0: [sdb] 20480 512-byte logical blocks: (10.5 MB/10.0 MiB)
[   11.053507] sd 2:0:1:0: Attached scsi generic sg1 type 0
[   11.053796] sd 2:0:1:0: [sdb] Write Protect is off
[   11.053904] sd 2:0:1:0: [sdb] Incomplete mode parameter data
[   11.053905] sd 2:0:1:0: [sdb] Assuming drive cache: write through
[   11.062851] sd 2:0:1:0: [sdb] Attached SCSI disk
[   11.082795] sd 2:0:0:0: [sda] Write Protect is off
[   11.084753] sd 2:0:0:0: [sda] Incomplete mode parameter data
[   11.087783] sd 2:0:0:0: [sda] Assuming drive cache: write through
[   11.103880]  sda: sda1
[   11.105871] sd 2:0:0:0: [sda] Attached SCSI disk
Begin: Loading e[   12.695913] md: linear personality registered for level -1
ssential drivers ... [   12.719580] md: multipath personality registered for level -4
[   12.784605] md: raid0 personality registered for level 0
[   12.836045] md: raid1 personality registered for level 1
[   12.917604] raid6: sse2x1   gen()  6812 MB/s
[   12.997655] raid6: sse2x1   xor()  5118 MB/s
[   13.073758] raid6: sse2x2   gen()  9458 MB/s
[   13.149007] raid6: sse2x2   xor()  6847 MB/s
[   13.257275] raid6: sse2x4   gen() 12329 MB/s
[   13.353864] raid6: sse2x4   xor()  7834 MB/s
[   13.426094] raid6: avx2x1   gen() 14449 MB/s
[   13.537358] raid6: avx2x2   gen() 19024 MB/s
[   13.625240] raid6: avx2x4   gen() 18388 MB/s
[   13.675651] raid6: using algorithm avx2x2 gen() 19024 MB/s
[   13.699980] raid6: using avx2x2 recovery algorithm
[   13.702891] xor: automatically using best checksumming function:
[   13.745232]    avx       : 15270.000 MB/sec
[   13.749642] async_tx: api initialized (async)
[   13.765111] md: raid6 personality registered for level 6
[   13.791912] md: raid5 personality registered for level 5
[   13.795001] md: raid4 personality registered for level 4
[   13.826616] md: raid10 personality registered for level 10
done.
Begin: Running /scripts/init-premount ... done.
Begin: Mounting root file sys[   13.869461] Btrfs loaded
tem ... Begin: Running /scripts/local-top ... done.
Begin: Running /scripts/local-premount ... [   13.945705] EXT4-fs (sda1): mounted filesystem with ordered data mode. Opts: (null)
Scanning for Btrfs filesystems
done.
Warning: fsck not present, so skipping root file system
done.
Begin: Running /scripts/local-bottom ... done.
Begin: Running /scripts/init-bottom ... done.
[   4.200452] systemd[1]: syted 29runig insytem mode. (+PAM +AUDIT +SELINUX +IMA +APPARMOR +SMACK +SYSVINIT +UTMP +LIBCRYPTSETUP +GCRYPT +GNUTLS +A +Z LZ+SECCMP+BID+EFULS+KMOD -IDN)

[   149733 sstd[: tete vrtalizatonoracle.
[   5.2223 sstd[]:Deected rctetu x-6

Welcome to [1mUbuntu 16.04.3 LTS[0m!

[   16.487279] system[1: et hostname to <ubuntu-xenial>.

[   16.721337] random: nonblocking pool is initialized
[ 168967 sstd[1]: Reached target User and Group Name Lookups.
[[0;32m  OK  [0m] Reached target User and Group Name Lookups.
[   17.489730]syem1] Lstni on JouralSocket
[[0;32m  OK  [0m] Listening on Journal Socket.
[   18.434889] systemd[1]: Listening n VM2 poll daemon socket.
[[0;32m  OK  [0m] Listening on LVM2 poll daemon socket.
[  1.5530] systed[]:Reached target Encrypted Volumes.
[[0;32m  OK  [0m] Reached target Encrypted Volumes.
[   18.838225] systemd[1]: Created slice User and Session Slice.
[[0;32m  OK  [0m] Created slice User and Session Slice.
[   18.842301] systemd[1]: Started Forward Password Requests to Wall Directory Watch.
[[0;32m  OK  [0m] Started Forward Password Requests to Wall Directory Watch.
[   19.478083] systemd[1] St p utmontAritry Executbl Fe rms il Ste Atoout in
[[0;32m  OK  [0m] Set up automount Arbitrary Executab...ats File System Automount Point.
[   20.486110] ystemd[1]: Listening on Journal Socket (/dev/log).
[[0;32m  OK  [0m] Listening on Journal Socket (/dev/log).
[  2.8356]ysmd1] Lstnig n M2metadata daemon socket.

[[0;32m  OK  [0m] Listening on LVM2 metadata daemon socket.
[ 21.427112] ysted[]:Rechd art wap.
[[0;32m  OK  [0m] Reached target Swap.
[   218719] ysem[1: isnig n slg ocet
[[0;32m  OK  [0m] Listening on Syslog Socket.
[  22.441847 systemd[1]: Listening on udev Kernel Socket.
[[0;32m  OK  [0m] Listening on udev Kernel Socket.
[  22.757030] systemd[1]: Started Trigger resolvconf update for networkd DNS.
[[0;32m  OK  [0m] Started Trigger resolvconf update for networkd DNS.
[   22.885366 sstd[: isni oDecemappr ent aeon FIFOs.
[[0;32m  OK  [0m] Listening on Device-mapper event daemon FIFOs.
[  26283 systed[]:reedli Sst Sce
[[0;32m  OK  [0m] Created slice System Slice.
[   24.487076] systemd[1]: reedli steseril\dgtty.slice.
[[0;32m  OK  [0m] Created slice system-serial\x2dgetty.slice.

[   24.961547] systemd[1]: Starting Set console keymap...
         Starting Set console keymap...
[   25.061768] systemd[1]: Reached target Slices.
[[0;32m  OK  [0m] Reached target Slices.
[   25.194043] systemd[1]: Starting Uncomplicated firewall...
         Starting Uncomplicated firewall...
[   25.350052] systemd[1]: Mounting POSIX Message Queue File System...
         Mounting POSIX Message Queue File System...
[   25.485963] systemd[1]: Mounting Huge Pages File System...
         Mounting Huge Pages File System...
[   25.621934] systemd[1]: Starting Create list of required static device nodes for the current kernel...
         Starting Create list of required st... nodes for the current kernel...
[   25.845303] systemd[1]: Mounting Debug File System...
         Mounting Debug File System...
[  2.978205] ystmd]:isni oudev Cntrol Socet

[[0;32m  OK  [0m] Listening on udev Control Socket.
[   26.605496] systemd[1]: Starting Remount Root and Kernel File Systems...
         [   26.681398] EXT4-fs (sda1): re-mounted. Opts: (null)
Starting Remount Root and Kernel File Systems...
[   26.825728] systemd[1]: Starting Monitoring of LVM2 mirrors, snapshots etc. using dmeventd or progress polling...
         Starting Monitoring of LVM2 mirrors... dmeventd or progress polling...
[   27.033917] systemd[1]: Starting Load Kernel Modules...
         Starting Load Kernel Modules...
[   27.100334] systemd[1]: Starting Nameserver information manager...
         [   27.149465] Loading iSCSI transport class v2.0-870.
Starting Nameserver information manager...
[   27.218379] iscsi: registered transport (tcp)
[   27.299505] systemd[1]: Listening on Journal Audit Socket.
[[0;32m  OK  [0m] Listening on Journal Audit So[   27.439772] iscsi: registered transport (iser)
cket.
[   27.577450] systemd[1]: Starting Journal Service...
         Starting Journal Service...
[   27.633605] systemd[1]: Listening on /dev/initctl Compatibility Named Pipe.
[[0;32m  OK  [0m] Listening on /dev/initctl Compatibility Named Pipe.
[   27.890 ste[1: Mounte PIXessage Queue File System.

[[0;32m  OK  [0m] Mounted POSIX Message Queue File System.
[ 283258] ystem[1]:Mouedeb Fe st.
[[0;32m  OK  [0m] Mounted Debug File System.
[  29888syemd]:Montd uge Pages Fil Stem.

[[0;32m  OK  [0m] Mounted Huge Pages File System.
[ 29222] systmd1]: taedounaSeic
[[0;32m  OK  [0m] Started Journal Service.
[[0;32m  OK  [0m] Started Set console keymap.
[[0;32m  OK  [0m] Started Uncomplicated firewall.
[[0;32m  OK  [0m] Started Create list of required sta...ce nodes for the current kernel.
[[0;32m  OK  [0m] Started Remount Root and Kernel File Systems.
[[0;32m  OK  [0m] Started Load Kernel Modules.
[[0;32m  OK  [0m] Started Nameserver information manager.
[[0;32m  OK  [0m] Started LVM2 metadata daemon.
         Starting Apply Kernel Variables...
         Mounting FUSE Control File System...
         Starting udev Coldplug all Devices...
         Starting Initial cloud-init job (pre-networking)...
         Starting Load/Save Random Seed...
         Starting Create Static Device Nodes in /dev...
         Starting Flush Journal to Persistent Storage...
[[0;32m  OK  [0m] Mounted FUSE Control File System.
[[0;32m  OK  [0m] Started Monitoring of LVM2 mirrors,...ng dmeventd or progress polling.
[[0;32m  OK  [0m] Started Apply Kernel Variables.
[[0;32m  OK  [0m] Started Load/Save Random Seed.
[[0;32m  OK  [0m] Started Create Static Device Nodes in /dev.
[[0;32m  OK  [0m] Started udev Coldplug all Devices.
[[0;32m  OK  [0m] Started Flush Journal to Persistent Storage.
         Starting udev Kernel Device Manager...
[[0;32m  OK  [0m] Started udev Kernel Device Manager.
[[0;32m  OK  [0m] Reached target Local File Systems (Pre).
[[0;32m  OK  [0m] Reached target Local File Systems.
         Starting Set console font and keymap...
         Starting Create Volatile Files and Directories...
         Starting LSB: AppArmor initialization...
         Starting Tell Plymouth To Write Out Runtime Data...
[[0;32m  OK  [0m] Started Dispatch Password Requests to Console Directory Watch.
[[0;32m  OK  [0m] Started Create Volatile Files and Directories.
[   27.616858] cloud-init[450]: Cloud-init v. 17.1 running 'init-local' at Sat, 02 Jun 2018 21:04:35 +0000. Up 27.21 seconds.
[[0;32m  OK  [0m] Started Tell Plymouth To Write Out Runtime Data.
[[0;32m  OK  [0m] Started Initial cloud-init job (pre-networking).
[[0;32m  OK  [0m] Found device /dev/ttyS0.
[[0;32m  OK  [0m] Started LSB: AppArmor initialization.
[[0;32m  OK  [0m] Listening on Load/Save RF Kill Switch Status /dev/rfkill Watch.
[[0;32m  OK  [0m] Reached target Network (Pre).
[[0;32m  OK  [0m] Started ifup for enp0s3.
         Starting Raise network interfaces...
         Starting Update UTMP about System Boot/Shutdown...
[[0;32m  OK  [0m] Reached target System Time Synchronized.
[[0;32m  OK  [0m] Started Set console font and keymap.
[[0;32m  OK  [0m] Created slice system-getty.slice.
[[0;32m  OK  [0m] Started Update UTMP about System Boot/Shutdown.
[[0;32m  OK  [0m] Started Raise network interfaces.
         Starting Initial cloud-init job (metadata service crawler)...
[[0;32m  OK  [0m] Reached target Network.
[   30.087596] cloud-init[952]: Cloud-init v. 17.1 running 'init' at Sat, 02 Jun 2018 21:04:38 +0000. Up 29.57 seconds.
[   30.212570] cloud-init[952]: ci-info: +++++++++++++++++++++++++++++++++++++Net device info++++++++++++++++++++++++++++++++++++++
[   30.212948] cloud-init[952]: ci-info: +--------+------+----------------------------+---------------+-------+-------------------+
[[0;32m  OK  [0m] Started Initial cloud-init job (metadata service crawler).
[   30.213208] cloud-init[952]: ci-info: | Device |  Up  |          Address           |      Mask     | Scope |     Hw-Address    |
[   30.813533] cloud-init[952]: ci-info: +--------+------+----------------------------+---------------+-------+-------------------+
[   30.814947] cloud-init[952]: ci-info: | enp0s3 | True |         10.0.2.15          | 255.255.255.0 |   .   | 02:66:2d:c5:e5:fb |
[[0;32m  OK  [0m] Reached target Cloud-config availability.
[   30.815713] cloud-init[952]: ci-info: | enp0s3 | True | fe80::66:2dff:fec5:e5fb/64 |       .       |  link | 02:66:2d:c5:e5:fb |
[   31.187128] cloud-init[952]: ci-info: |   lo   | True |         127.0.0.1          |   255.0.0.0   |   .   |         .         |
[[0;32m  OK  [0m] Reached target System Initialization.
[   31.188153] cloud-init[952]: ci-info: |   lo   | True |          ::1/128           |       .       |  host |         .         |
[   31.429117] cloud-init[952]: ci-info: +--------+------+----------------------------+---------------+-------+-------------------+
[[0;32m  OK  [0m] Listening on ACPID Listen Socket.
[   31.429353] cloud-init[952]: ci-info: +++++++++++++++++++++++++++Route IPv4 info++++++++++++++++++++++++++++
[   31.857654] cloud-init[952]: ci-info: +-------+-------------+----------+---------------+-----------+-------+
[[0;32m  OK  [0m] Listening on UUID daemon activation socket.
[   31.858296] cloud-init[952]: ci-info: | Route | Destination | Gateway  |    Genmask    | Interface | Flags |
[   32.222631] cloud-init[952]: ci-info: +-------+-------------+----------+---------------+-----------+-------+
[[0;32m  OK  [0m] Listening on D-Bus System Message Bus Socket.
[   32.223204] cloud-init[952]: ci-info: |   0   |   0.0.0.0   | 10.0.2.2 |    0.0.0.0    |   enp0s3  |   UG  |
[   32.591293] cloud-init[952]: ci-info: |   1   |   10.0.2.0  | 0.0.0.0  | 255.255.255.0 |   enp0s3  |   U   |
[   32.591841] cloud-init[952]: ci-info: +-------+-------------+----------+---------------+-----------+-------+
[[0;32m  OK  [0m] Started Daily Cleanup of Temporary Directories.
[[0;32m  OK  [0m] Started Daily apt download activities.
         Starting LXD - unix socket.
[[0;32m  OK  [0m] Started ACPI Events Check.
[[0;32m  OK  [0m] Reached target Paths.
         Starting Socket activation for snappy daemon.
[[0;32m  OK  [0m] Started Daily apt upgrade and clean activities.
[[0;32m  OK  [0m] Started Timer to automatically refresh installed snaps.
[[0;32m  OK  [0m] Reached target Timers.
[[0;32m  OK  [0m] Reached target Network is Online.
         Starting iSCSI initiator daemon (iscsid)...
[[0;32m  OK  [0m] Listening on LXD - unix socket.
[[0;32m  OK  [0m] Listening on Socket activation for snappy daemon.
[[0;32m  OK  [0m] Reached target Sockets.
[[0;32m  OK  [0m] Reached target Basic System.
[[0;32m  OK  [0m] Started FUSE filesystem for LXC.
         Starting Accounts Service...
         Starting System Logging Service...
[[0;32m  OK  [0m] Started Deferred execution scheduler.
[[0;32m  OK  [0m] Started Unattended Upgrades Shutdown.
[[0;32m  OK  [0m] Started Regular background program processing daemon.
         Starting Apply the settings specified in cloud-config...
[[0;32m  OK  [0m] Started D-Bus System Message Bus.
         Starting LSB: Record successful boot for GRUB...
         Starting Login Service...
         Starting OpenBSD Secure Shell server...
         Starting LSB: MD monitoring daemon...
         Starting Snappy daemon...
[[0;32m  OK  [0m] Started ACPI event daemon.
         Starting /etc/rc.local Compatibility...
         Starting LXD - container startup/shutdown...
[[0;32m  OK  [0m] Started System Logging Service.
[[0;32m  OK  [0m] Started OpenBSD Secure Shell server.
[[0;32m  OK  [0m] Started Snappy daemon.
[[0;32m  OK  [0m] Started iSCSI initiator daemon (iscsid).
[[0;32m  OK  [0m] Started /etc/rc.local Compatibility.
[[0;32m  OK  [0m] Started LXD - container startup/shutdown.
[[0;32m  OK  [0m] Started Apply the settings specified in cloud-config.
[   36.282245] cloud-init[1027]: Cloud-init v. 17.1 running 'modules:config' at Sat, 02 Jun 2018 21:04:44 +0000. Up 36.01 seconds.
[[0;32m  OK  [0m] Started LSB: Record successful boot for GRUB.
[[0;32m  OK  [0m] Started LSB: MD monitoring daemon.
         Starting Authenticate and Authorize Users to Run Privileged Tasks...
         Starting Login to default iSCSI targets...
[[0;32m  OK  [0m] Started Login Service.
[[0;32m  OK  [0m] Started Authenticate and Authorize Users to Run Privileged Tasks.
[[0;32m  OK  [0m] Started Accounts Service.
[[0;32m  OK  [0m] Started Login to default iSCSI targets.
[[0;32m  OK  [0m] Reached target Remote File Systems (Pre).
[[0;32m  OK  [0m] Reached target Remote File Systems.
         Starting LSB: automatic crash report generation...
         Starting LSB: VirtualBox Linux Additions...
         Starting Permit User Sessions...
         Starting LSB: daemon to balance interrupts for SMP systems...
         Starting LSB: Set the CPU Frequency Scaling governor to "ondemand"...
[[0;32m  OK  [0m] Started Permit User Sessions.
[[0;32m  OK  [0m] Started LSB: automatic crash report generation.
[[0;32m  OK  [0m] Created slice User Slice of vagrant.
         Starting User Manager for UID 1000...
[[0;32m  OK  [0m] Started Session 1 of user vagrant.
         Starting Hold until boot process finishes up...
         Starting Terminate Plymouth Boot Screen...
[[0;32m  OK  [0m] Started User Manager for UID 1000.
[[0;32m  OK  [0m] Started LSB: VirtualBox Linux Additions.
[[0;32m  OK  [0m] Started LSB: daemon to balance interrupts for SMP systems.
[[0;32m  OK  [0m] Started LSB: Set the CPU Frequency Scaling governor to "ondemand".
[[0;32m  OK  [0m] Started Hold until boot process finishes up.
[[0;32m  OK  [0m] Started Terminate Plymouth Boot Screen.
[[0;32m  OK  [0m] Started Serial Getty on ttyS0.
[[0;32m  OK  [0m] Started Getty on tty1.
[[0;32m  OK  [0m] Reached target Login Prompts.
         Starting Set console scheme...
[[0;32m  OK  [0m] Reached target Multi-User System.
         Starting Execute cloud user/final scripts...
[[0;32m  OK  [0m] Reached target Graphical Interface.
         Starting Update UTMP about System Runlevel Changes...
[[0;32m  OK  [0m] Started Set console scheme.
[[0;32m  OK  [0m] Started Update UTMP about System Runlevel Changes.
[   40.043125] cloud-init[1188]: Cloud-init v. 17.1 running 'modules:final' at Sat, 02 Jun 2018 21:04:48 +0000. Up 39.40 seconds.
[   40.169138] cloud-init[1188]: Cloud-init v. 17.1 finished at Sat, 02 Jun 2018 21:04:48 +0000. Datasource DataSourceNoCloud [seed=/dev/sdb][dsmode=net].  Up 39.94 seconds
[[0;32m  OK  [0m] Started Execute cloud user/final scripts.
         Starting Daily apt download activities...
[[0;32m  OK  [0m] Reached target Cloud-init target.

Ubuntu 16.04.3 LTS ubuntu-xenial ttyS0

ubuntu-xenial login: [[0;32m  OK  [0m] Started ACPI event daemon.
         Stopping LSB: automatic crash report generation...
[[0;32m  OK  [0m] Stopped LSB: automatic crash report generation.
[[0;32m  OK  [0m] Started ACPI event daemon.
[[0;32m  OK  [0m] Started ACPI event daemon.
[[0;32m  OK  [0m] Started ACPI event daemon.
[[0;32m  OK  [0m] Started ACPI event daemon.
[[0;32m  OK  [0m] Started ACPI event daemon.
         Starting LSB: automatic crash report generation...
[[0;32m  OK  [0m] Started LSB: automatic crash report generation.
[[0;32m  OK  [0m] Started ACPI event daemon.
[[0;32m  OK  [0m] Started Daily apt upgrade and clean activities.
